<generatedTop>
  <k>
    .
  </k>
  <shouldHeat>
    true
  </shouldHeat>
  <state>
    .Map
  </state>
</generatedTop>
