<generatedTop>
  <k>
    .
  </k>
  <shouldHeat>
    true
  </shouldHeat>
  <state>
    x |-> 2
  </state>
</generatedTop>
